// Vitest Snapshot v1, https://vitest.dev/guide/snapshot.html

exports[`useGetCountries > should render successfully 1`] = `
[
  {
    "cca2": "AD",
    "cca3": "AND",
    "ccn3": "020",
    "cioc": "AND",
    "code": "AD",
    "currencyCode": "EUR",
    "demonym": "Andorran",
    "flag": "https://restcountries.eu/data/and.svg",
    "id": "AND",
    "internationalDialingCode": "376",
    "name": "Andorra",
  },
  {
    "cca2": "AE",
    "cca3": "ARE",
    "ccn3": "784",
    "cioc": "UAE",
    "code": "AE",
    "currencyCode": "AED",
    "demonym": "Emirati",
    "flag": "https://restcountries.eu/data/are.svg",
    "id": "ARE",
    "internationalDialingCode": "971",
    "name": "United Arab Emirates",
  },
  {
    "cca2": "AF",
    "cca3": "AFG",
    "ccn3": "004",
    "cioc": "AFG",
    "code": "AF",
    "currencyCode": "AFN",
    "demonym": "Afghan",
    "flag": "https://restcountries.eu/data/afg.svg",
    "id": "AFG",
    "internationalDialingCode": "93",
    "name": "Afghanistan",
  },
  {
    "cca2": "AG",
    "cca3": "ATG",
    "ccn3": "028",
    "cioc": "ANT",
    "code": "AG",
    "currencyCode": "XCD",
    "demonym": "Antiguan, Barbudan",
    "flag": "https://restcountries.eu/data/atg.svg",
    "id": "ATG",
    "internationalDialingCode": "268",
    "name": "Antigua and Barbuda",
  },
  {
    "cca2": "AI",
    "cca3": "AIA",
    "ccn3": "660",
    "cioc": "AIA",
    "code": "AI",
    "currencyCode": "XCD",
    "demonym": "Anguillian",
    "flag": "https://restcountries.eu/data/aia.svg",
    "id": "AIA",
    "internationalDialingCode": "264",
    "name": "Anguilla",
  },
  {
    "cca2": "AL",
    "cca3": "ALB",
    "ccn3": "008",
    "cioc": "ALB",
    "code": "AL",
    "currencyCode": "ALL",
    "demonym": "Albanian",
    "flag": "https://restcountries.eu/data/alb.svg",
    "id": "ALB",
    "internationalDialingCode": "355",
    "name": "Albania",
  },
  {
    "cca2": "AM",
    "cca3": "ARM",
    "ccn3": "051",
    "cioc": "ARM",
    "code": "AM",
    "currencyCode": "AMD",
    "demonym": "Armenian",
    "flag": "https://restcountries.eu/data/arm.svg",
    "id": "ARM",
    "internationalDialingCode": "374",
    "name": "Armenia",
  },
  {
    "cca2": "AO",
    "cca3": "AGO",
    "ccn3": "024",
    "cioc": "ANG",
    "code": "AO",
    "currencyCode": "AOA",
    "demonym": "Angolan",
    "flag": "https://restcountries.eu/data/ago.svg",
    "id": "AGO",
    "internationalDialingCode": "244",
    "name": "Angola",
  },
  {
    "cca2": "AQ",
    "cca3": "ATA",
    "ccn3": "010",
    "cioc": "ATA",
    "code": "AQ",
    "currencyCode": "AUD",
    "demonym": "Antarctica",
    "flag": "https://restcountries.eu/data/ata.svg",
    "id": "ATA",
    "internationalDialingCode": "672",
    "name": "Antarctica",
  },
  {
    "cca2": "AR",
    "cca3": "ARG",
    "ccn3": "032",
    "cioc": "ARG",
    "code": "AR",
    "currencyCode": "ARS",
    "demonym": "Argentinean",
    "flag": "https://restcountries.eu/data/arg.svg",
    "id": "ARG",
    "internationalDialingCode": "54",
    "name": "Argentina",
  },
  {
    "cca2": "AS",
    "cca3": "ASM",
    "ccn3": "016",
    "cioc": "ASA",
    "code": "AS",
    "currencyCode": "USD",
    "demonym": "American Samoan",
    "flag": "https://restcountries.eu/data/asm.svg",
    "id": "ASM",
    "internationalDialingCode": "684",
    "name": "American Samoa",
  },
  {
    "cca2": "AT",
    "cca3": "AUT",
    "ccn3": "040",
    "cioc": "AUT",
    "code": "AT",
    "currencyCode": "EUR",
    "demonym": "Austrian",
    "flag": "https://restcountries.eu/data/aut.svg",
    "id": "AUT",
    "internationalDialingCode": "43",
    "name": "Austria",
  },
  {
    "cca2": "AU",
    "cca3": "AUS",
    "ccn3": "036",
    "cioc": "AUS",
    "code": "AU",
    "currencyCode": "AUD",
    "demonym": "Australian",
    "flag": "https://restcountries.eu/data/aus.svg",
    "id": "AUS",
    "internationalDialingCode": "61",
    "name": "Australia",
  },
  {
    "cca2": "AW",
    "cca3": "ABW",
    "ccn3": "533",
    "cioc": "ARU",
    "code": "AW",
    "currencyCode": "AWG",
    "demonym": "Aruban",
    "flag": "https://restcountries.eu/data/abw.svg",
    "id": "ABW",
    "internationalDialingCode": "297",
    "name": "Aruba",
  },
  {
    "cca2": "AZ",
    "cca3": "AZE",
    "ccn3": "031",
    "cioc": "AZE",
    "code": "AZ",
    "currencyCode": "AZN",
    "demonym": "Azerbaijani",
    "flag": "https://restcountries.eu/data/aze.svg",
    "id": "AZE",
    "internationalDialingCode": "994",
    "name": "Azerbaijan",
  },
  {
    "cca2": "BA",
    "cca3": "BIH",
    "ccn3": "070",
    "cioc": "BIH",
    "code": "BA",
    "currencyCode": "BAM",
    "demonym": "Bosnian",
    "flag": "https://restcountries.eu/data/bih.svg",
    "id": "BIH",
    "internationalDialingCode": "387",
    "name": "Bosnia and Herzegovina",
  },
  {
    "cca2": "BB",
    "cca3": "BRB",
    "ccn3": "052",
    "cioc": "BAR",
    "code": "BB",
    "currencyCode": "BBD",
    "demonym": "Barbadian",
    "flag": "https://restcountries.eu/data/brb.svg",
    "id": "BRB",
    "internationalDialingCode": "246",
    "name": "Barbados",
  },
  {
    "cca2": "BD",
    "cca3": "BGD",
    "ccn3": "050",
    "cioc": "BAN",
    "code": "BD",
    "currencyCode": "BDT",
    "demonym": "Bangladeshi",
    "flag": "https://restcountries.eu/data/bgd.svg",
    "id": "BGD",
    "internationalDialingCode": "880",
    "name": "Bangladesh",
  },
  {
    "cca2": "BE",
    "cca3": "BEL",
    "ccn3": "056",
    "cioc": "BEL",
    "code": "BE",
    "currencyCode": "EUR",
    "demonym": "Belgian",
    "flag": "https://restcountries.eu/data/bel.svg",
    "id": "BEL",
    "internationalDialingCode": "32",
    "name": "Belgium",
  },
  {
    "cca2": "BF",
    "cca3": "BFA",
    "ccn3": "854",
    "cioc": "BUR",
    "code": "BF",
    "currencyCode": "XOF",
    "demonym": "Burkinabe",
    "flag": "https://restcountries.eu/data/bfa.svg",
    "id": "BFA",
    "internationalDialingCode": "226",
    "name": "Burkina Faso",
  },
  {
    "cca2": "BG",
    "cca3": "BGR",
    "ccn3": "100",
    "cioc": "BUL",
    "code": "BG",
    "currencyCode": "BGN",
    "demonym": "Bulgarian",
    "flag": "https://restcountries.eu/data/bgr.svg",
    "id": "BGR",
    "internationalDialingCode": "359",
    "name": "Bulgaria",
  },
  {
    "cca2": "BH",
    "cca3": "BHR",
    "ccn3": "048",
    "cioc": "BRN",
    "code": "BH",
    "currencyCode": "BHD",
    "demonym": "Bahraini",
    "flag": "https://restcountries.eu/data/bhr.svg",
    "id": "BHR",
    "internationalDialingCode": "973",
    "name": "Bahrain",
  },
  {
    "cca2": "BI",
    "cca3": "BDI",
    "ccn3": "108",
    "cioc": "BDI",
    "code": "BI",
    "currencyCode": "BIF",
    "demonym": "Burundian",
    "flag": "https://restcountries.eu/data/bdi.svg",
    "id": "BDI",
    "internationalDialingCode": "257",
    "name": "Burundi",
  },
  {
    "cca2": "BJ",
    "cca3": "BEN",
    "ccn3": "204",
    "cioc": "BEN",
    "code": "BJ",
    "currencyCode": "XOF",
    "demonym": "Beninese",
    "flag": "https://restcountries.eu/data/ben.svg",
    "id": "BEN",
    "internationalDialingCode": "229",
    "name": "Benin",
  },
  {
    "cca2": "BL",
    "cca3": "BLM",
    "ccn3": "652",
    "cioc": "BLM",
    "code": "BL",
    "currencyCode": "EUR",
    "demonym": "Saint Barthelemy",
    "flag": "https://restcountries.eu/data/blm.svg",
    "id": "BLM",
    "internationalDialingCode": "590",
    "name": "Saint Barthelemy",
  },
  {
    "cca2": "BM",
    "cca3": "BMU",
    "ccn3": "060",
    "cioc": "BER",
    "code": "BM",
    "currencyCode": "BMD",
    "demonym": "Bermudian",
    "flag": "https://restcountries.eu/data/bmu.svg",
    "id": "BMU",
    "internationalDialingCode": "441",
    "name": "Bermuda",
  },
  {
    "cca2": "BN",
    "cca3": "BRN",
    "ccn3": "096",
    "cioc": "BRU",
    "code": "BN",
    "currencyCode": "BND",
    "demonym": "Bruneian",
    "flag": "https://restcountries.eu/data/brn.svg",
    "id": "BRN",
    "internationalDialingCode": "673",
    "name": "Brunei Darussalam",
  },
  {
    "cca2": "BO",
    "cca3": "BOL",
    "ccn3": "068",
    "cioc": "BOL",
    "code": "BO",
    "currencyCode": "BOB",
    "demonym": "Bolivian",
    "flag": "https://restcountries.eu/data/bol.svg",
    "id": "BOL",
    "internationalDialingCode": "591",
    "name": "Bolivia",
  },
  {
    "cca2": "BR",
    "cca3": "BRA",
    "ccn3": "076",
    "cioc": "BRA",
    "code": "BR",
    "currencyCode": "BRL",
    "demonym": "Brazilian",
    "flag": "https://restcountries.eu/data/bra.svg",
    "id": "BRA",
    "internationalDialingCode": "55",
    "name": "Brazil",
  },
  {
    "cca2": "BS",
    "cca3": "BHS",
    "ccn3": "044",
    "cioc": "BAH",
    "code": "BS",
    "currencyCode": "BSD",
    "demonym": "Bahamian",
    "flag": "https://restcountries.eu/data/bhs.svg",
    "id": "BHS",
    "internationalDialingCode": "242",
    "name": "Bahamas",
  },
  {
    "cca2": "BT",
    "cca3": "BTN",
    "ccn3": "064",
    "cioc": "BHU",
    "code": "BT",
    "currencyCode": "BTN",
    "demonym": "Bhutanese",
    "flag": "https://restcountries.eu/data/btn.svg",
    "id": "BTN",
    "internationalDialingCode": "975",
    "name": "Bhutan",
  },
  {
    "cca2": "BW",
    "cca3": "BWA",
    "ccn3": "072",
    "cioc": "BOT",
    "code": "BW",
    "currencyCode": "BWP",
    "demonym": "Motswana",
    "flag": "https://restcountries.eu/data/bwa.svg",
    "id": "BWA",
    "internationalDialingCode": "267",
    "name": "Botswana",
  },
  {
    "cca2": "BY",
    "cca3": "BLR",
    "ccn3": "112",
    "cioc": "BLR",
    "code": "BY",
    "currencyCode": "BYN",
    "demonym": "Belarusian",
    "flag": "https://restcountries.eu/data/blr.svg",
    "id": "BLR",
    "internationalDialingCode": "375",
    "name": "Belarus",
  },
  {
    "cca2": "BZ",
    "cca3": "BLZ",
    "ccn3": "084",
    "cioc": "BIZ",
    "code": "BZ",
    "currencyCode": "BZD",
    "demonym": "Belizean",
    "flag": "https://restcountries.eu/data/blz.svg",
    "id": "BLZ",
    "internationalDialingCode": "501",
    "name": "Belize",
  },
  {
    "cca2": "CA",
    "cca3": "CAN",
    "ccn3": "124",
    "cioc": "CAN",
    "code": "CA",
    "currencyCode": "CAD",
    "demonym": "Canadian",
    "flag": "https://restcountries.eu/data/can.svg",
    "id": "CAN",
    "internationalDialingCode": "1",
    "name": "Canada",
  },
  {
    "cca2": "CC",
    "cca3": "CCK",
    "ccn3": "166",
    "cioc": "CCK",
    "code": "CC",
    "currencyCode": "AUD",
    "demonym": "Cocos Islander",
    "flag": "https://restcountries.eu/data/cck.svg",
    "id": "CCK",
    "internationalDialingCode": "61",
    "name": "Cocos (Keeling) Islands",
  },
  {
    "cca2": "CD",
    "cca3": "COD",
    "ccn3": "180",
    "cioc": "COD",
    "code": "CD",
    "currencyCode": "CDF",
    "demonym": "Congolese",
    "flag": "https://restcountries.eu/data/cod.svg",
    "id": "COD",
    "internationalDialingCode": "243",
    "name": "Congo",
  },
  {
    "cca2": "CF",
    "cca3": "CAF",
    "ccn3": "140",
    "cioc": "CAF",
    "code": "CF",
    "currencyCode": "XAF",
    "demonym": "Central African",
    "flag": "https://restcountries.eu/data/caf.svg",
    "id": "CAF",
    "internationalDialingCode": "236",
    "name": "Central African Republic",
  },
  {
    "cca2": "CG",
    "cca3": "COG",
    "ccn3": "178",
    "cioc": "CGO",
    "code": "CG",
    "currencyCode": "XAF",
    "demonym": "Congolese",
    "flag": "https://restcountries.eu/data/cog.svg",
    "id": "COG",
    "internationalDialingCode": "242",
    "name": "Congo",
  },
  {
    "cca2": "CH",
    "cca3": "CHE",
    "ccn3": "756",
    "cioc": "SUI",
    "code": "CH",
    "currencyCode": "CHF",
    "demonym": "Swiss",
    "flag": "https://restcountries.eu/data/che.svg",
    "id": "CHE",
    "internationalDialingCode": "41",
    "name": "Switzerland",
  },
  {
    "cca2": "CK",
    "cca3": "COK",
    "ccn3": "184",
    "cioc": "COK",
    "code": "CK",
    "currencyCode": "NZD",
    "demonym": "Cook Islander",
    "flag": "https://restcountries.eu/data/cok.svg",
    "id": "COK",
    "internationalDialingCode": "682",
    "name": "Cook Islands",
  },
  {
    "cca2": "CL",
    "cca3": "CHL",
    "ccn3": "152",
    "cioc": "CHI",
    "code": "CL",
    "currencyCode": "CLP",
    "demonym": "Chilean",
    "flag": "https://restcountries.eu/data/chl.svg",
    "id": "CHL",
    "internationalDialingCode": "56",
    "name": "Chile",
  },
  {
    "cca2": "CM",
    "cca3": "CMR",
    "ccn3": "120",
    "cioc": "CMR",
    "code": "CM",
    "currencyCode": "XAF",
    "demonym": "Cameroonian",
    "flag": "https://restcountries.eu/data/cmr.svg",
    "id": "CMR",
    "internationalDialingCode": "237",
    "name": "Cameroon",
  },
  {
    "cca2": "CN",
    "cca3": "CHN",
    "ccn3": "156",
    "cioc": "CHN",
    "code": "CN",
    "currencyCode": "CNY",
    "demonym": "Chinese",
    "flag": "https://restcountries.eu/data/chn.svg",
    "id": "CHN",
    "internationalDialingCode": "86",
    "name": "China",
  },
  {
    "cca2": "CO",
    "cca3": "COL",
    "ccn3": "170",
    "cioc": "COL",
    "code": "CO",
    "currencyCode": "COP",
    "demonym": "Colombian",
    "flag": "https://restcountries.eu/data/col.svg",
    "id": "COL",
    "internationalDialingCode": "57",
    "name": "Colombia",
  },
  {
    "cca2": "CR",
    "cca3": "CRI",
    "ccn3": "188",
    "cioc": "CRC",
    "code": "CR",
    "currencyCode": "CRC",
    "demonym": "Costa Rican",
    "flag": "https://restcountries.eu/data/cri.svg",
    "id": "CRI",
    "internationalDialingCode": "506",
    "name": "Costa Rica",
  },
  {
    "cca2": "CU",
    "cca3": "CUB",
    "ccn3": "192",
    "cioc": "CUB",
    "code": "CU",
    "currencyCode": "CUC",
    "demonym": "Cuban",
    "flag": "https://restcountries.eu/data/cub.svg",
    "id": "CUB",
    "internationalDialingCode": "53",
    "name": "Cuba",
  },
  {
    "cca2": "CV",
    "cca3": "CPV",
    "ccn3": "132",
    "cioc": "CPV",
    "code": "CV",
    "currencyCode": "CVE",
    "demonym": "Cape Verdian",
    "flag": "https://restcountries.eu/data/cpv.svg",
    "id": "CPV",
    "internationalDialingCode": "238",
    "name": "Cabo Verde",
  },
  {
    "cca2": "CW",
    "cca3": "CUW",
    "ccn3": "531",
    "cioc": "CUW",
    "code": "CW",
    "currencyCode": "ANG",
    "demonym": "Dutch",
    "flag": "https://restcountries.eu/data/cuw.svg",
    "id": "CUW",
    "internationalDialingCode": "599",
    "name": "Curacao",
  },
  {
    "cca2": "CX",
    "cca3": "CXR",
    "ccn3": "162",
    "cioc": "CXR",
    "code": "CX",
    "currencyCode": "AUD",
    "demonym": "Christmas Island",
    "flag": "https://restcountries.eu/data/cxr.svg",
    "id": "CXR",
    "internationalDialingCode": "61",
    "name": "Christmas Island",
  },
  {
    "cca2": "CY",
    "cca3": "CYP",
    "ccn3": "196",
    "cioc": "CYP",
    "code": "CY",
    "currencyCode": "EUR",
    "demonym": "Cypriot",
    "flag": "https://restcountries.eu/data/cyp.svg",
    "id": "CYP",
    "internationalDialingCode": "357",
    "name": "Cyprus",
  },
  {
    "cca2": "CZ",
    "cca3": "CZE",
    "ccn3": "203",
    "cioc": "CZE",
    "code": "CZ",
    "currencyCode": "CZK",
    "demonym": "Czech",
    "flag": "https://restcountries.eu/data/cze.svg",
    "id": "CZE",
    "internationalDialingCode": "420",
    "name": "Czech Republic",
  },
  {
    "cca2": "DE",
    "cca3": "DEU",
    "ccn3": "276",
    "cioc": "GER",
    "code": "DE",
    "currencyCode": "EUR",
    "demonym": "German",
    "flag": "https://restcountries.eu/data/deu.svg",
    "id": "DEU",
    "internationalDialingCode": "49",
    "name": "Germany",
  },
  {
    "cca2": "DJ",
    "cca3": "DJI",
    "ccn3": "262",
    "cioc": "DJI",
    "code": "DJ",
    "currencyCode": "DJF",
    "demonym": "Djibouti",
    "flag": "https://restcountries.eu/data/dji.svg",
    "id": "DJI",
    "internationalDialingCode": "253",
    "name": "Djibouti",
  },
  {
    "cca2": "DK",
    "cca3": "DNK",
    "ccn3": "208",
    "cioc": "DEN",
    "code": "DK",
    "currencyCode": "DKK",
    "demonym": "Danish",
    "flag": "https://restcountries.eu/data/dnk.svg",
    "id": "DNK",
    "internationalDialingCode": "45",
    "name": "Denmark",
  },
  {
    "cca2": "DM",
    "cca3": "DMA",
    "ccn3": "212",
    "cioc": "DMA",
    "code": "DM",
    "currencyCode": "XCD",
    "demonym": "Dominican",
    "flag": "https://restcountries.eu/data/dma.svg",
    "id": "DMA",
    "internationalDialingCode": "767",
    "name": "Dominica",
  },
  {
    "cca2": "DZ",
    "cca3": "DZA",
    "ccn3": "012",
    "cioc": "ALG",
    "code": "DZ",
    "currencyCode": "DZD",
    "demonym": "Algerian",
    "flag": "https://restcountries.eu/data/dza.svg",
    "id": "DZA",
    "internationalDialingCode": "213",
    "name": "Algeria",
  },
  {
    "cca2": "EC",
    "cca3": "ECU",
    "ccn3": "218",
    "cioc": "ECU",
    "code": "EC",
    "currencyCode": "USD",
    "demonym": "Ecuadorean",
    "flag": "https://restcountries.eu/data/ecu.svg",
    "id": "ECU",
    "internationalDialingCode": "593",
    "name": "Ecuador",
  },
  {
    "cca2": "EE",
    "cca3": "EST",
    "ccn3": "233",
    "cioc": "EST",
    "code": "EE",
    "currencyCode": "EUR",
    "demonym": "Estonian",
    "flag": "https://restcountries.eu/data/est.svg",
    "id": "EST",
    "internationalDialingCode": "372",
    "name": "Estonia",
  },
  {
    "cca2": "EG",
    "cca3": "EGY",
    "ccn3": "818",
    "cioc": "EGY",
    "code": "EG",
    "currencyCode": "EGP",
    "demonym": "Egyptian",
    "flag": "https://restcountries.eu/data/egy.svg",
    "id": "EGY",
    "internationalDialingCode": "20",
    "name": "Egypt",
  },
  {
    "cca2": "EH",
    "cca3": "ESH",
    "ccn3": "732",
    "cioc": "ESH",
    "code": "EH",
    "currencyCode": "MAD",
    "demonym": "Sahrawi",
    "flag": "https://restcountries.eu/data/esh.svg",
    "id": "ESH",
    "internationalDialingCode": "212",
    "name": "Western Sahara",
  },
  {
    "cca2": "ER",
    "cca3": "ERI",
    "ccn3": "232",
    "cioc": "ERI",
    "code": "ER",
    "currencyCode": "ERN",
    "demonym": "Eritrean",
    "flag": "https://restcountries.eu/data/eri.svg",
    "id": "ERI",
    "internationalDialingCode": "291",
    "name": "Eritrea",
  },
  {
    "cca2": "ES",
    "cca3": "ESP",
    "ccn3": "724",
    "cioc": "ESP",
    "code": "ES",
    "currencyCode": "EUR",
    "demonym": "Spanish",
    "flag": "https://restcountries.eu/data/esp.svg",
    "id": "ESP",
    "internationalDialingCode": "34",
    "name": "Spain",
  },
  {
    "cca2": "ET",
    "cca3": "ETH",
    "ccn3": "231",
    "cioc": "ETH",
    "code": "ET",
    "currencyCode": "ETB",
    "demonym": "Ethiopian",
    "flag": "https://restcountries.eu/data/eth.svg",
    "id": "ETH",
    "internationalDialingCode": "251",
    "name": "Ethiopia",
  },
  {
    "cca2": "FI",
    "cca3": "FIN",
    "ccn3": "246",
    "cioc": "FIN",
    "code": "FI",
    "currencyCode": "EUR",
    "demonym": "Finnish",
    "flag": "https://restcountries.eu/data/fin.svg",
    "id": "FIN",
    "internationalDialingCode": "358",
    "name": "Finland",
  },
  {
    "cca2": "FJ",
    "cca3": "FJI",
    "ccn3": "242",
    "cioc": "FIJ",
    "code": "FJ",
    "currencyCode": "FJD",
    "demonym": "Fijian",
    "flag": "https://restcountries.eu/data/fji.svg",
    "id": "FJI",
    "internationalDialingCode": "679",
    "name": "Fiji",
  },
  {
    "cca2": "FK",
    "cca3": "FLK",
    "ccn3": "238",
    "cioc": "FLK",
    "code": "FK",
    "currencyCode": "FKP",
    "demonym": "Falkland Islander",
    "flag": "https://restcountries.eu/data/flk.svg",
    "id": "FLK",
    "internationalDialingCode": "500",
    "name": "Falkland Islands",
  },
  {
    "cca2": "FM",
    "cca3": "FSM",
    "ccn3": "583",
    "cioc": "FSM",
    "code": "FM",
    "currencyCode": "EUR",
    "demonym": "Micronesian",
    "flag": "https://restcountries.eu/data/fsm.svg",
    "id": "FSM",
    "internationalDialingCode": "691",
    "name": "Micronesia",
  },
  {
    "cca2": "FO",
    "cca3": "FRO",
    "ccn3": "234",
    "cioc": "FRO",
    "code": "FO",
    "currencyCode": "DKK",
    "demonym": "Faroese",
    "flag": "https://restcountries.eu/data/fro.svg",
    "id": "FRO",
    "internationalDialingCode": "298",
    "name": "Faroe Islands",
  },
  {
    "cca2": "FR",
    "cca3": "FRA",
    "ccn3": "250",
    "cioc": "FRA",
    "code": "FR",
    "currencyCode": "EUR",
    "demonym": "French",
    "flag": "https://restcountries.eu/data/fra.svg",
    "id": "FRA",
    "internationalDialingCode": "33",
    "name": "France",
  },
  {
    "cca2": "GA",
    "cca3": "GAB",
    "ccn3": "266",
    "cioc": "GAB",
    "code": "GA",
    "currencyCode": "XAF",
    "demonym": "Gabonese",
    "flag": "https://restcountries.eu/data/gab.svg",
    "id": "GAB",
    "internationalDialingCode": "241",
    "name": "Gabon",
  },
  {
    "cca2": "GB",
    "cca3": "GBR",
    "ccn3": "826",
    "cioc": "GBR",
    "code": "GB",
    "currencyCode": "GBP",
    "demonym": "British",
    "flag": "https://restcountries.eu/data/gbr.svg",
    "id": "GBR",
    "internationalDialingCode": "44",
    "name": "United Kingdom",
  },
  {
    "cca2": "GD",
    "cca3": "GRD",
    "ccn3": "308",
    "cioc": "GRN",
    "code": "GD",
    "currencyCode": "XCD",
    "demonym": "Grenadian",
    "flag": "https://restcountries.eu/data/grd.svg",
    "id": "GRD",
    "internationalDialingCode": "473",
    "name": "Grenada",
  },
  {
    "cca2": "GE",
    "cca3": "GEO",
    "ccn3": "268",
    "cioc": "GEO",
    "code": "GE",
    "currencyCode": "GEL",
    "demonym": "Georgian",
    "flag": "https://restcountries.eu/data/geo.svg",
    "id": "GEO",
    "internationalDialingCode": "995",
    "name": "Georgia",
  },
  {
    "cca2": "GH",
    "cca3": "GHA",
    "ccn3": "288",
    "cioc": "GHA",
    "code": "GH",
    "currencyCode": "GHS",
    "demonym": "Ghanaian",
    "flag": "https://restcountries.eu/data/gha.svg",
    "id": "GHA",
    "internationalDialingCode": "233",
    "name": "Ghana",
  },
  {
    "cca2": "GI",
    "cca3": "GIB",
    "ccn3": "292",
    "cioc": "GIB",
    "code": "GI",
    "currencyCode": "GIP",
    "demonym": "Gibraltar",
    "flag": "https://restcountries.eu/data/gib.svg",
    "id": "GIB",
    "internationalDialingCode": "350",
    "name": "Gibraltar",
  },
  {
    "cca2": "GL",
    "cca3": "GRL",
    "ccn3": "304",
    "cioc": "GRL",
    "code": "GL",
    "currencyCode": "DKK",
    "demonym": "Greenlandic",
    "flag": "https://restcountries.eu/data/grl.svg",
    "id": "GRL",
    "internationalDialingCode": "299",
    "name": "Greenland",
  },
  {
    "cca2": "GM",
    "cca3": "GMB",
    "ccn3": "270",
    "cioc": "GAM",
    "code": "GM",
    "currencyCode": "GMD",
    "demonym": "Gambian",
    "flag": "https://restcountries.eu/data/gmb.svg",
    "id": "GMB",
    "internationalDialingCode": "220",
    "name": "Gambia",
  },
  {
    "cca2": "GN",
    "cca3": "GIN",
    "ccn3": "324",
    "cioc": "GUI",
    "code": "GN",
    "currencyCode": "GNF",
    "demonym": "Guinean",
    "flag": "https://restcountries.eu/data/gin.svg",
    "id": "GIN",
    "internationalDialingCode": "224",
    "name": "Guinea",
  },
  {
    "cca2": "GQ",
    "cca3": "GNQ",
    "ccn3": "226",
    "cioc": "GEQ",
    "code": "GQ",
    "currencyCode": "XAF",
    "demonym": "Equatorial Guinean",
    "flag": "https://restcountries.eu/data/gnq.svg",
    "id": "GNQ",
    "internationalDialingCode": "240",
    "name": "Equatorial Guinea",
  },
  {
    "cca2": "GR",
    "cca3": "GRC",
    "ccn3": "300",
    "cioc": "GRE",
    "code": "GR",
    "currencyCode": "EUR",
    "demonym": "Greek",
    "flag": "https://restcountries.eu/data/grc.svg",
    "id": "GRC",
    "internationalDialingCode": "30",
    "name": "Greece",
  },
  {
    "cca2": "GT",
    "cca3": "GTM",
    "ccn3": "320",
    "cioc": "GUA",
    "code": "GT",
    "currencyCode": "GTQ",
    "demonym": "Guatemalan",
    "flag": "https://restcountries.eu/data/gtm.svg",
    "id": "GTM",
    "internationalDialingCode": "502",
    "name": "Guatemala",
  },
  {
    "cca2": "GU",
    "cca3": "GUM",
    "ccn3": "316",
    "cioc": "GUM",
    "code": "GU",
    "currencyCode": "USD",
    "demonym": "Guamanian",
    "flag": "https://restcountries.eu/data/gum.svg",
    "id": "GUM",
    "internationalDialingCode": "671",
    "name": "Guam",
  },
  {
    "cca2": "GW",
    "cca3": "GNB",
    "ccn3": "624",
    "cioc": "GBS",
    "code": "GW",
    "currencyCode": "XOF",
    "demonym": "Guinea-Bissauan",
    "flag": "https://restcountries.eu/data/gnb.svg",
    "id": "GNB",
    "internationalDialingCode": "245",
    "name": "Guinea-Bissau",
  },
  {
    "cca2": "GY",
    "cca3": "GUY",
    "ccn3": "328",
    "cioc": "GUY",
    "code": "GY",
    "currencyCode": "GYD",
    "demonym": "Guyanese",
    "flag": "https://restcountries.eu/data/guy.svg",
    "id": "GUY",
    "internationalDialingCode": "592",
    "name": "Guyana",
  },
  {
    "cca2": "HK",
    "cca3": "HKG",
    "ccn3": "344",
    "cioc": "HKG",
    "code": "HK",
    "currencyCode": "HKD",
    "demonym": "Chinese",
    "flag": "https://restcountries.eu/data/hkg.svg",
    "id": "HKG",
    "internationalDialingCode": "852",
    "name": "Hong Kong",
  },
  {
    "cca2": "HN",
    "cca3": "HND",
    "ccn3": "340",
    "cioc": "HON",
    "code": "HN",
    "currencyCode": "HNL",
    "demonym": "Honduran",
    "flag": "https://restcountries.eu/data/hnd.svg",
    "id": "HND",
    "internationalDialingCode": "504",
    "name": "Honduras",
  },
  {
    "cca2": "HR",
    "cca3": "HRV",
    "ccn3": "191",
    "cioc": "CRO",
    "code": "HR",
    "currencyCode": "HRK",
    "demonym": "Croatian",
    "flag": "https://restcountries.eu/data/hrv.svg",
    "id": "HRV",
    "internationalDialingCode": "385",
    "name": "Croatia",
  },
  {
    "cca2": "HT",
    "cca3": "HTI",
    "ccn3": "332",
    "cioc": "HAI",
    "code": "HT",
    "currencyCode": "HTG",
    "demonym": "Haitian",
    "flag": "https://restcountries.eu/data/hti.svg",
    "id": "HTI",
    "internationalDialingCode": "509",
    "name": "Haiti",
  },
  {
    "cca2": "HU",
    "cca3": "HUN",
    "ccn3": "348",
    "cioc": "HUN",
    "code": "HU",
    "currencyCode": "HUF",
    "demonym": "Hungarian",
    "flag": "https://restcountries.eu/data/hun.svg",
    "id": "HUN",
    "internationalDialingCode": "36",
    "name": "Hungary",
  },
  {
    "cca2": "ID",
    "cca3": "IDN",
    "ccn3": "360",
    "cioc": "INA",
    "code": "ID",
    "currencyCode": "IDR",
    "demonym": "Indonesian",
    "flag": "https://restcountries.eu/data/idn.svg",
    "id": "IDN",
    "internationalDialingCode": "62",
    "name": "Indonesia",
  },
  {
    "cca2": "IE",
    "cca3": "IRL",
    "ccn3": "372",
    "cioc": "IRL",
    "code": "IE",
    "currencyCode": "EUR",
    "demonym": "Irish",
    "flag": "https://restcountries.eu/data/irl.svg",
    "id": "IRL",
    "internationalDialingCode": "353",
    "name": "Ireland",
  },
  {
    "cca2": "IL",
    "cca3": "ISR",
    "ccn3": "376",
    "cioc": "ISR",
    "code": "IL",
    "currencyCode": "ILS",
    "demonym": "Israeli",
    "flag": "https://restcountries.eu/data/isr.svg",
    "id": "ISR",
    "internationalDialingCode": "972",
    "name": "Israel",
  },
  {
    "cca2": "IN",
    "cca3": "IND",
    "ccn3": "356",
    "cioc": "IND",
    "code": "IN",
    "currencyCode": "INR",
    "demonym": "Indian",
    "flag": "https://restcountries.eu/data/ind.svg",
    "id": "IND",
    "internationalDialingCode": "91",
    "name": "India",
  },
  {
    "cca2": "IO",
    "cca3": "IOT",
    "ccn3": "086",
    "cioc": "IOT",
    "code": "IO",
    "currencyCode": "USD",
    "demonym": "Indian",
    "flag": "https://restcountries.eu/data/iot.svg",
    "id": "IOT",
    "internationalDialingCode": "246",
    "name": "British Indian Ocean Territory",
  },
  {
    "cca2": "IQ",
    "cca3": "IRQ",
    "ccn3": "368",
    "cioc": "IRQ",
    "code": "IQ",
    "currencyCode": "IQD",
    "demonym": "Iraqi",
    "flag": "https://restcountries.eu/data/irq.svg",
    "id": "IRQ",
    "internationalDialingCode": "964",
    "name": "Iraq",
  },
  {
    "cca2": "IR",
    "cca3": "IRN",
    "ccn3": "364",
    "cioc": "IRI",
    "code": "IR",
    "currencyCode": "IRR",
    "demonym": "Iranian",
    "flag": "https://restcountries.eu/data/irn.svg",
    "id": "IRN",
    "internationalDialingCode": "98",
    "name": "Iran",
  },
  {
    "cca2": "IS",
    "cca3": "ISL",
    "ccn3": "352",
    "cioc": "ISL",
    "code": "IS",
    "currencyCode": "ISK",
    "demonym": "Icelander",
    "flag": "https://restcountries.eu/data/isl.svg",
    "id": "ISL",
    "internationalDialingCode": "354",
    "name": "Iceland",
  },
  {
    "cca2": "IT",
    "cca3": "ITA",
    "ccn3": "380",
    "cioc": "ITA",
    "code": "IT",
    "currencyCode": "EUR",
    "demonym": "Italian",
    "flag": "https://restcountries.eu/data/ita.svg",
    "id": "ITA",
    "internationalDialingCode": "39",
    "name": "Italy",
  },
  {
    "cca2": "JM",
    "cca3": "JAM",
    "ccn3": "388",
    "cioc": "JAM",
    "code": "JM",
    "currencyCode": "JMD",
    "demonym": "Jamaican",
    "flag": "https://restcountries.eu/data/jam.svg",
    "id": "JAM",
    "internationalDialingCode": "876",
    "name": "Jamaica",
  },
  {
    "cca2": "JO",
    "cca3": "JOR",
    "ccn3": "400",
    "cioc": "JOR",
    "code": "JO",
    "currencyCode": "JOD",
    "demonym": "Jordanian",
    "flag": "https://restcountries.eu/data/jor.svg",
    "id": "JOR",
    "internationalDialingCode": "962",
    "name": "Jordan",
  },
  {
    "cca2": "JP",
    "cca3": "JPN",
    "ccn3": "392",
    "cioc": "JPN",
    "code": "JP",
    "currencyCode": "JPY",
    "demonym": "Japanese",
    "flag": "https://restcountries.eu/data/jpn.svg",
    "id": "JPN",
    "internationalDialingCode": "81",
    "name": "Japan",
  },
  {
    "cca2": "KE",
    "cca3": "KEN",
    "ccn3": "404",
    "cioc": "KEN",
    "code": "KE",
    "currencyCode": "KES",
    "demonym": "Kenyan",
    "flag": "https://restcountries.eu/data/ken.svg",
    "id": "KEN",
    "internationalDialingCode": "254",
    "name": "Kenya",
  },
  {
    "cca2": "KG",
    "cca3": "KGZ",
    "ccn3": "417",
    "cioc": "KGZ",
    "code": "KG",
    "currencyCode": "KGS",
    "demonym": "Kirghiz",
    "flag": "https://restcountries.eu/data/kgz.svg",
    "id": "KGZ",
    "internationalDialingCode": "996",
    "name": "Kyrgyzstan",
  },
  {
    "cca2": "KH",
    "cca3": "KHM",
    "ccn3": "116",
    "cioc": "CAM",
    "code": "KH",
    "currencyCode": "KHR",
    "demonym": "Cambodian",
    "flag": "https://restcountries.eu/data/khm.svg",
    "id": "KHM",
    "internationalDialingCode": "855",
    "name": "Cambodia",
  },
  {
    "cca2": "KI",
    "cca3": "KIR",
    "ccn3": "296",
    "cioc": "KIR",
    "code": "KI",
    "currencyCode": "AUD",
    "demonym": "I-Kiribati",
    "flag": "https://restcountries.eu/data/kir.svg",
    "id": "KIR",
    "internationalDialingCode": "686",
    "name": "Kiribati",
  },
  {
    "cca2": "KM",
    "cca3": "COM",
    "ccn3": "174",
    "cioc": "COM",
    "code": "KM",
    "currencyCode": "KMF",
    "demonym": "Comoran",
    "flag": "https://restcountries.eu/data/com.svg",
    "id": "COM",
    "internationalDialingCode": "269",
    "name": "Comoros",
  },
  {
    "cca2": "KN",
    "cca3": "KNA",
    "ccn3": "659",
    "cioc": "SKN",
    "code": "KN",
    "currencyCode": "XCD",
    "demonym": "Kittian and Nevisian",
    "flag": "https://restcountries.eu/data/kna.svg",
    "id": "KNA",
    "internationalDialingCode": "869",
    "name": "Saint Kitts and Nevis",
  },
  {
    "cca2": "KP",
    "cca3": "PRK",
    "ccn3": "408",
    "cioc": "PRK",
    "code": "KP",
    "currencyCode": "KPW",
    "demonym": "North Korean",
    "flag": "https://restcountries.eu/data/prk.svg",
    "id": "PRK",
    "internationalDialingCode": "850",
    "name": "North Korea",
  },
  {
    "cca2": "KR",
    "cca3": "KOR",
    "ccn3": "410",
    "cioc": "KOR",
    "code": "KR",
    "currencyCode": "KRW",
    "demonym": "South Korean",
    "flag": "https://restcountries.eu/data/kor.svg",
    "id": "KOR",
    "internationalDialingCode": "82",
    "name": "Korea (Republic of)",
  },
  {
    "cca2": "KW",
    "cca3": "KWT",
    "ccn3": "414",
    "cioc": "KUW",
    "code": "KW",
    "currencyCode": "KWD",
    "demonym": "Kuwaiti",
    "flag": "https://restcountries.eu/data/kwt.svg",
    "id": "KWT",
    "internationalDialingCode": "965",
    "name": "Kuwait",
  },
  {
    "cca2": "KY",
    "cca3": "CYM",
    "ccn3": "136",
    "cioc": "CAY",
    "code": "KY",
    "currencyCode": "KYD",
    "demonym": "Caymanian",
    "flag": "https://restcountries.eu/data/cym.svg",
    "id": "CYM",
    "internationalDialingCode": "345",
    "name": "Cayman Islands",
  },
  {
    "cca2": "KZ",
    "cca3": "KAZ",
    "ccn3": "398",
    "cioc": "KAZ",
    "code": "KZ",
    "currencyCode": "KZT",
    "demonym": "Kazakhstani",
    "flag": "https://restcountries.eu/data/kaz.svg",
    "id": "KAZ",
    "internationalDialingCode": "7",
    "name": "Kazakhstan",
  },
  {
    "cca2": "LA",
    "cca3": "LAO",
    "ccn3": "418",
    "cioc": "LAO",
    "code": "LA",
    "currencyCode": "LAK",
    "demonym": "Laotian",
    "flag": "https://restcountries.eu/data/lao.svg",
    "id": "LAO",
    "internationalDialingCode": "856",
    "name": "Lao",
  },
  {
    "cca2": "LB",
    "cca3": "LBN",
    "ccn3": "422",
    "cioc": "LIB",
    "code": "LB",
    "currencyCode": "LBP",
    "demonym": "Lebanese",
    "flag": "https://restcountries.eu/data/lbn.svg",
    "id": "LBN",
    "internationalDialingCode": "961",
    "name": "Lebanon",
  },
  {
    "cca2": "LC",
    "cca3": "LCA",
    "ccn3": "662",
    "cioc": "LCA",
    "code": "LC",
    "currencyCode": "XCD",
    "demonym": "Saint Lucian",
    "flag": "https://restcountries.eu/data/lca.svg",
    "id": "LCA",
    "internationalDialingCode": "758",
    "name": "Saint Lucia",
  },
  {
    "cca2": "LI",
    "cca3": "LIE",
    "ccn3": "438",
    "cioc": "LIE",
    "code": "LI",
    "currencyCode": "CHF",
    "demonym": "Liechtensteiner",
    "flag": "https://restcountries.eu/data/lie.svg",
    "id": "LIE",
    "internationalDialingCode": "423",
    "name": "Liechtenstein",
  },
  {
    "cca2": "LK",
    "cca3": "LKA",
    "ccn3": "144",
    "cioc": "SRI",
    "code": "LK",
    "currencyCode": "LKR",
    "demonym": "Sri Lankan",
    "flag": "https://restcountries.eu/data/lka.svg",
    "id": "LKA",
    "internationalDialingCode": "94",
    "name": "Sri Lanka",
  },
  {
    "cca2": "LR",
    "cca3": "LBR",
    "ccn3": "430",
    "cioc": "LBR",
    "code": "LR",
    "currencyCode": "LRD",
    "demonym": "Liberian",
    "flag": "https://restcountries.eu/data/lbr.svg",
    "id": "LBR",
    "internationalDialingCode": "231",
    "name": "Liberia",
  },
  {
    "cca2": "LS",
    "cca3": "LSO",
    "ccn3": "426",
    "cioc": "LES",
    "code": "LS",
    "currencyCode": "LSL",
    "demonym": "Mosotho",
    "flag": "https://restcountries.eu/data/lso.svg",
    "id": "LSO",
    "internationalDialingCode": "266",
    "name": "Lesotho",
  },
  {
    "cca2": "LT",
    "cca3": "LTU",
    "ccn3": "440",
    "cioc": "LTU",
    "code": "LT",
    "currencyCode": "EUR",
    "demonym": "Lithuanian",
    "flag": "https://restcountries.eu/data/ltu.svg",
    "id": "LTU",
    "internationalDialingCode": "370",
    "name": "Lithuania",
  },
  {
    "cca2": "LU",
    "cca3": "LUX",
    "ccn3": "442",
    "cioc": "LUX",
    "code": "LU",
    "currencyCode": "EUR",
    "demonym": "Luxembourger",
    "flag": "https://restcountries.eu/data/lux.svg",
    "id": "LUX",
    "internationalDialingCode": "352",
    "name": "Luxembourg",
  },
  {
    "cca2": "LV",
    "cca3": "LVA",
    "ccn3": "428",
    "cioc": "LAT",
    "code": "LV",
    "currencyCode": "EUR",
    "demonym": "Latvian",
    "flag": "https://restcountries.eu/data/lva.svg",
    "id": "LVA",
    "internationalDialingCode": "371",
    "name": "Latvia",
  },
  {
    "cca2": "LY",
    "cca3": "LBY",
    "ccn3": "434",
    "cioc": "LBA",
    "code": "LY",
    "currencyCode": "LYD",
    "demonym": "Libyan",
    "flag": "https://restcountries.eu/data/lby.svg",
    "id": "LBY",
    "internationalDialingCode": "218",
    "name": "Libya",
  },
  {
    "cca2": "MA",
    "cca3": "MAR",
    "ccn3": "504",
    "cioc": "MAR",
    "code": "MA",
    "currencyCode": "MAD",
    "demonym": "Moroccan",
    "flag": "https://restcountries.eu/data/mar.svg",
    "id": "MAR",
    "internationalDialingCode": "212",
    "name": "Morocco",
  },
  {
    "cca2": "MC",
    "cca3": "MCO",
    "ccn3": "492",
    "cioc": "MON",
    "code": "MC",
    "currencyCode": "EUR",
    "demonym": "Monegasque",
    "flag": "https://restcountries.eu/data/mco.svg",
    "id": "MCO",
    "internationalDialingCode": "377",
    "name": "Monaco",
  },
  {
    "cca2": "MD",
    "cca3": "MDA",
    "ccn3": "498",
    "cioc": "MDA",
    "code": "MD",
    "currencyCode": "MDL",
    "demonym": "Moldovan",
    "flag": "https://restcountries.eu/data/mda.svg",
    "id": "MDA",
    "internationalDialingCode": "373",
    "name": "Moldova (Republic of)",
  },
  {
    "cca2": "ME",
    "cca3": "MNE",
    "ccn3": "499",
    "cioc": "MNE",
    "code": "ME",
    "currencyCode": "EUR",
    "demonym": "Montenegrin",
    "flag": "https://restcountries.eu/data/mne.svg",
    "id": "MNE",
    "internationalDialingCode": "382",
    "name": "Montenegro",
  },
  {
    "cca2": "MF",
    "cca3": "MAF",
    "ccn3": "663",
    "cioc": "MAF",
    "code": "MF",
    "currencyCode": "EUR",
    "demonym": "Saint Martin",
    "flag": "https://restcountries.eu/data/maf.svg",
    "id": "MAF",
    "internationalDialingCode": "590",
    "name": "Saint Martin",
  },
  {
    "cca2": "MG",
    "cca3": "MDG",
    "ccn3": "450",
    "cioc": "MAD",
    "code": "MG",
    "currencyCode": "MGA",
    "demonym": "Malagasy",
    "flag": "https://restcountries.eu/data/mdg.svg",
    "id": "MDG",
    "internationalDialingCode": "261",
    "name": "Madagascar",
  },
  {
    "cca2": "MH",
    "cca3": "MHL",
    "ccn3": "584",
    "cioc": "MHL",
    "code": "MH",
    "currencyCode": "USD",
    "demonym": "Marshallese",
    "flag": "https://restcountries.eu/data/mhl.svg",
    "id": "MHL",
    "internationalDialingCode": "692",
    "name": "Marshall Islands",
  },
  {
    "cca2": "MK",
    "cca3": "MKD",
    "ccn3": "807",
    "cioc": "MKD",
    "code": "MK",
    "currencyCode": "MKD",
    "demonym": "Macedonian",
    "flag": "https://restcountries.eu/data/mkd.svg",
    "id": "MKD",
    "internationalDialingCode": "389",
    "name": "Macedonia",
  },
  {
    "cca2": "ML",
    "cca3": "MLI",
    "ccn3": "466",
    "cioc": "MLI",
    "code": "ML",
    "currencyCode": "XOF",
    "demonym": "Malian",
    "flag": "https://restcountries.eu/data/mli.svg",
    "id": "MLI",
    "internationalDialingCode": "223",
    "name": "Mali",
  },
  {
    "cca2": "MM",
    "cca3": "MMR",
    "ccn3": "104",
    "cioc": "MYA",
    "code": "MM",
    "currencyCode": "MMK",
    "demonym": "Burmese",
    "flag": "https://restcountries.eu/data/mmr.svg",
    "id": "MMR",
    "internationalDialingCode": "95",
    "name": "Myanmar",
  },
  {
    "cca2": "MN",
    "cca3": "MNG",
    "ccn3": "496",
    "cioc": "MGL",
    "code": "MN",
    "currencyCode": "MNT",
    "demonym": "Mongolian",
    "flag": "https://restcountries.eu/data/mng.svg",
    "id": "MNG",
    "internationalDialingCode": "976",
    "name": "Mongolia",
  },
  {
    "cca2": "MO",
    "cca3": "MAC",
    "ccn3": "446",
    "cioc": "MAC",
    "code": "MO",
    "currencyCode": "MOP",
    "demonym": "Chinese",
    "flag": "https://restcountries.eu/data/mac.svg",
    "id": "MAC",
    "internationalDialingCode": "853",
    "name": "Macao",
  },
  {
    "cca2": "MP",
    "cca3": "MNP",
    "ccn3": "580",
    "cioc": "MNP",
    "code": "MP",
    "currencyCode": "USD",
    "demonym": "American",
    "flag": "https://restcountries.eu/data/mnp.svg",
    "id": "MNP",
    "internationalDialingCode": "670",
    "name": "Northern Mariana Islands",
  },
  {
    "cca2": "MR",
    "cca3": "MRT",
    "ccn3": "478",
    "cioc": "MTN",
    "code": "MR",
    "currencyCode": "MRO",
    "demonym": "Mauritanian",
    "flag": "https://restcountries.eu/data/mrt.svg",
    "id": "MRT",
    "internationalDialingCode": "222",
    "name": "Mauritania",
  },
  {
    "cca2": "MS",
    "cca3": "MSR",
    "ccn3": "500",
    "cioc": "MSR",
    "code": "MS",
    "currencyCode": "XCD",
    "demonym": "Montserratian",
    "flag": "https://restcountries.eu/data/msr.svg",
    "id": "MSR",
    "internationalDialingCode": "664",
    "name": "Montserrat",
  },
  {
    "cca2": "MT",
    "cca3": "MLT",
    "ccn3": "470",
    "cioc": "MLT",
    "code": "MT",
    "currencyCode": "EUR",
    "demonym": "Maltese",
    "flag": "https://restcountries.eu/data/mlt.svg",
    "id": "MLT",
    "internationalDialingCode": "356",
    "name": "Malta",
  },
  {
    "cca2": "MU",
    "cca3": "MUS",
    "ccn3": "480",
    "cioc": "MRI",
    "code": "MU",
    "currencyCode": "MUR",
    "demonym": "Mauritian",
    "flag": "https://restcountries.eu/data/mus.svg",
    "id": "MUS",
    "internationalDialingCode": "230",
    "name": "Mauritius",
  },
  {
    "cca2": "MV",
    "cca3": "MDV",
    "ccn3": "462",
    "cioc": "MDV",
    "code": "MV",
    "currencyCode": "MVR",
    "demonym": "Maldivan",
    "flag": "https://restcountries.eu/data/mdv.svg",
    "id": "MDV",
    "internationalDialingCode": "960",
    "name": "Maldives",
  },
  {
    "cca2": "MW",
    "cca3": "MWI",
    "ccn3": "454",
    "cioc": "MAW",
    "code": "MW",
    "currencyCode": "MWK",
    "demonym": "Malawian",
    "flag": "https://restcountries.eu/data/mwi.svg",
    "id": "MWI",
    "internationalDialingCode": "265",
    "name": "Malawi",
  },
  {
    "cca2": "MX",
    "cca3": "MEX",
    "ccn3": "484",
    "cioc": "MEX",
    "code": "MX",
    "currencyCode": "MXN",
    "demonym": "Mexican",
    "flag": "https://restcountries.eu/data/mex.svg",
    "id": "MEX",
    "internationalDialingCode": "52",
    "name": "Mexico",
  },
  {
    "cca2": "MY",
    "cca3": "MYS",
    "ccn3": "458",
    "cioc": "MAS",
    "code": "MY",
    "currencyCode": "MYR",
    "demonym": "Malaysian",
    "flag": "https://restcountries.eu/data/mys.svg",
    "id": "MYS",
    "internationalDialingCode": "60",
    "name": "Malaysia",
  },
  {
    "cca2": "MZ",
    "cca3": "MOZ",
    "ccn3": "508",
    "cioc": "MOZ",
    "code": "MZ",
    "currencyCode": "MZN",
    "demonym": "Mozambican",
    "flag": "https://restcountries.eu/data/moz.svg",
    "id": "MOZ",
    "internationalDialingCode": "258",
    "name": "Mozambique",
  },
  {
    "cca2": "NA",
    "cca3": "NAM",
    "ccn3": "516",
    "cioc": "NAM",
    "code": "NA",
    "currencyCode": "NAD",
    "demonym": "Namibian",
    "flag": "https://restcountries.eu/data/nam.svg",
    "id": "NAM",
    "internationalDialingCode": "264",
    "name": "Namibia",
  },
  {
    "cca2": "NC",
    "cca3": "NCL",
    "ccn3": "540",
    "cioc": "NCL",
    "code": "NC",
    "currencyCode": "XPF",
    "demonym": "New Caledonian",
    "flag": "https://restcountries.eu/data/ncl.svg",
    "id": "NCL",
    "internationalDialingCode": "687",
    "name": "New Caledonia",
  },
  {
    "cca2": "NE",
    "cca3": "NER",
    "ccn3": "562",
    "cioc": "NIG",
    "code": "NE",
    "currencyCode": "XOF",
    "demonym": "Nigerien",
    "flag": "https://restcountries.eu/data/ner.svg",
    "id": "NER",
    "internationalDialingCode": "227",
    "name": "Niger",
  },
  {
    "cca2": "NG",
    "cca3": "NGA",
    "ccn3": "566",
    "cioc": "NGR",
    "code": "NG",
    "currencyCode": "NGN",
    "demonym": "Nigerian",
    "flag": "https://restcountries.eu/data/nga.svg",
    "id": "NGA",
    "internationalDialingCode": "234",
    "name": "Nigeria",
  },
  {
    "cca2": "NI",
    "cca3": "NIC",
    "ccn3": "558",
    "cioc": "NCA",
    "code": "NI",
    "currencyCode": "NIO",
    "demonym": "Nicaraguan",
    "flag": "https://restcountries.eu/data/nic.svg",
    "id": "NIC",
    "internationalDialingCode": "505",
    "name": "Nicaragua",
  },
  {
    "cca2": "NL",
    "cca3": "NLD",
    "ccn3": "528",
    "cioc": "NED",
    "code": "NL",
    "currencyCode": "EUR",
    "demonym": "Dutch",
    "flag": "https://restcountries.eu/data/nld.svg",
    "id": "NLD",
    "internationalDialingCode": "31",
    "name": "Netherlands",
  },
  {
    "cca2": "NO",
    "cca3": "NOR",
    "ccn3": "578",
    "cioc": "NOR",
    "code": "NO",
    "currencyCode": "NOK",
    "demonym": "Norwegian",
    "flag": "https://restcountries.eu/data/nor.svg",
    "id": "NOR",
    "internationalDialingCode": "47",
    "name": "Norway",
  },
  {
    "cca2": "NP",
    "cca3": "NPL",
    "ccn3": "524",
    "cioc": "NEP",
    "code": "NP",
    "currencyCode": "NPR",
    "demonym": "Nepalese",
    "flag": "https://restcountries.eu/data/npl.svg",
    "id": "NPL",
    "internationalDialingCode": "977",
    "name": "Nepal",
  },
  {
    "cca2": "NR",
    "cca3": "NRU",
    "ccn3": "520",
    "cioc": "NRU",
    "code": "NR",
    "currencyCode": "AUD",
    "demonym": "Nauruan",
    "flag": "https://restcountries.eu/data/nru.svg",
    "id": "NRU",
    "internationalDialingCode": "674",
    "name": "Nauru",
  },
  {
    "cca2": "NU",
    "cca3": "NIU",
    "ccn3": "570",
    "cioc": "NIU",
    "code": "NU",
    "currencyCode": "NZD",
    "demonym": "Niuean",
    "flag": "https://restcountries.eu/data/niu.svg",
    "id": "NIU",
    "internationalDialingCode": "683",
    "name": "Niue",
  },
  {
    "cca2": "NZ",
    "cca3": "NZL",
    "ccn3": "554",
    "cioc": "NZL",
    "code": "NZ",
    "currencyCode": "NZD",
    "demonym": "New Zealander",
    "flag": "https://restcountries.eu/data/nzl.svg",
    "id": "NZL",
    "internationalDialingCode": "64",
    "name": "New Zealand",
  },
  {
    "cca2": "OM",
    "cca3": "OMN",
    "ccn3": "512",
    "cioc": "OMA",
    "code": "OM",
    "currencyCode": "OMR",
    "demonym": "Omani",
    "flag": "https://restcountries.eu/data/omn.svg",
    "id": "OMN",
    "internationalDialingCode": "968",
    "name": "Oman",
  },
  {
    "cca2": "PA",
    "cca3": "PAN",
    "ccn3": "591",
    "cioc": "PAN",
    "code": "PA",
    "currencyCode": "PAB",
    "demonym": "Panamanian",
    "flag": "https://restcountries.eu/data/pan.svg",
    "id": "PAN",
    "internationalDialingCode": "507",
    "name": "Panama",
  },
  {
    "cca2": "PE",
    "cca3": "PER",
    "ccn3": "604",
    "cioc": "PER",
    "code": "PE",
    "currencyCode": "PEN",
    "demonym": "Peruvian",
    "flag": "https://restcountries.eu/data/per.svg",
    "id": "PER",
    "internationalDialingCode": "51",
    "name": "Peru",
  },
  {
    "cca2": "PF",
    "cca3": "PYF",
    "ccn3": "258",
    "cioc": "PYF",
    "code": "PF",
    "currencyCode": "XPF",
    "demonym": "French Polynesian",
    "flag": "https://restcountries.eu/data/pyf.svg",
    "id": "PYF",
    "internationalDialingCode": "689",
    "name": "French Polynesia",
  },
  {
    "cca2": "PG",
    "cca3": "PNG",
    "ccn3": "598",
    "cioc": "PNG",
    "code": "PG",
    "currencyCode": "PGK",
    "demonym": "Papua New Guinean",
    "flag": "https://restcountries.eu/data/png.svg",
    "id": "PNG",
    "internationalDialingCode": "675",
    "name": "Papua New Guinea",
  },
  {
    "cca2": "PH",
    "cca3": "PHL",
    "ccn3": "608",
    "cioc": "PHI",
    "code": "PH",
    "currencyCode": "PHP",
    "demonym": "Filipino",
    "flag": "https://restcountries.eu/data/phl.svg",
    "id": "PHL",
    "internationalDialingCode": "63",
    "name": "Philippines",
  },
  {
    "cca2": "PK",
    "cca3": "PAK",
    "ccn3": "586",
    "cioc": "PAK",
    "code": "PK",
    "currencyCode": "PKR",
    "demonym": "Pakistani",
    "flag": "https://restcountries.eu/data/pak.svg",
    "id": "PAK",
    "internationalDialingCode": "92",
    "name": "Pakistan",
  },
  {
    "cca2": "PL",
    "cca3": "POL",
    "ccn3": "616",
    "cioc": "POL",
    "code": "PL",
    "currencyCode": "PLN",
    "demonym": "Polish",
    "flag": "https://restcountries.eu/data/pol.svg",
    "id": "POL",
    "internationalDialingCode": "48",
    "name": "Poland",
  },
  {
    "cca2": "PM",
    "cca3": "SPM",
    "ccn3": "666",
    "cioc": "SPM",
    "code": "PM",
    "currencyCode": "EUR",
    "demonym": "French",
    "flag": "https://restcountries.eu/data/spm.svg",
    "id": "SPM",
    "internationalDialingCode": "508",
    "name": "Saint Pierre and Miquelon",
  },
  {
    "cca2": "PN",
    "cca3": "PCN",
    "ccn3": "612",
    "cioc": "PCN",
    "code": "PN",
    "currencyCode": "NZD",
    "demonym": "Pitcairn Islander",
    "flag": "https://restcountries.eu/data/pcn.svg",
    "id": "PCN",
    "internationalDialingCode": "64",
    "name": "Pitcairn",
  },
  {
    "cca2": "PR",
    "cca3": "PRI",
    "ccn3": "630",
    "cioc": "PUR",
    "code": "PR",
    "currencyCode": "USD",
    "demonym": "Puerto Rican",
    "flag": "https://restcountries.eu/data/pri.svg",
    "id": "PRI",
    "internationalDialingCode": "787",
    "name": "Puerto Rico",
  },
  {
    "cca2": "PS",
    "cca3": "PSE",
    "ccn3": "275",
    "cioc": "PLE",
    "code": "PS",
    "currencyCode": "ILS",
    "demonym": "Palestinian",
    "flag": "https://restcountries.eu/data/pse.svg",
    "id": "PSE",
    "internationalDialingCode": "970",
    "name": "Palestine, State of",
  },
  {
    "cca2": "PT",
    "cca3": "PRT",
    "ccn3": "620",
    "cioc": "POR",
    "code": "PT",
    "currencyCode": "EUR",
    "demonym": "Portuguese",
    "flag": "https://restcountries.eu/data/prt.svg",
    "id": "PRT",
    "internationalDialingCode": "351",
    "name": "Portugal",
  },
  {
    "cca2": "PY",
    "cca3": "PRY",
    "ccn3": "600",
    "cioc": "PAR",
    "code": "PY",
    "currencyCode": "PYG",
    "demonym": "Paraguayan",
    "flag": "https://restcountries.eu/data/pry.svg",
    "id": "PRY",
    "internationalDialingCode": "595",
    "name": "Paraguay",
  },
  {
    "cca2": "QA",
    "cca3": "QAT",
    "ccn3": "634",
    "cioc": "QAT",
    "code": "QA",
    "currencyCode": "QAR",
    "demonym": "Qatari",
    "flag": "https://restcountries.eu/data/qat.svg",
    "id": "QAT",
    "internationalDialingCode": "974",
    "name": "Qatar",
  },
  {
    "cca2": "RO",
    "cca3": "ROU",
    "ccn3": "642",
    "cioc": "ROU",
    "code": "RO",
    "currencyCode": "RON",
    "demonym": "Romanian",
    "flag": "https://restcountries.eu/data/rou.svg",
    "id": "ROU",
    "internationalDialingCode": "40",
    "name": "Romania",
  },
  {
    "cca2": "RS",
    "cca3": "SRB",
    "ccn3": "688",
    "cioc": "SRB",
    "code": "RS",
    "currencyCode": "RSD",
    "demonym": "Serbian",
    "flag": "https://restcountries.eu/data/srb.svg",
    "id": "SRB",
    "internationalDialingCode": "381",
    "name": "Serbia",
  },
  {
    "cca2": "RU",
    "cca3": "RUS",
    "ccn3": "643",
    "cioc": "RUS",
    "code": "RU",
    "currencyCode": "RUB",
    "demonym": "Russian",
    "flag": "https://restcountries.eu/data/rus.svg",
    "id": "RUS",
    "internationalDialingCode": "7",
    "name": "Russian Federation",
  },
  {
    "cca2": "RW",
    "cca3": "RWA",
    "ccn3": "646",
    "cioc": "RWA",
    "code": "RW",
    "currencyCode": "RWF",
    "demonym": "Rwandan",
    "flag": "https://restcountries.eu/data/rwa.svg",
    "id": "RWA",
    "internationalDialingCode": "250",
    "name": "Rwanda",
  },
  {
    "cca2": "SA",
    "cca3": "SAU",
    "ccn3": "682",
    "cioc": "KSA",
    "code": "SA",
    "currencyCode": "SAR",
    "demonym": "Saudi Arabian",
    "flag": "https://restcountries.eu/data/sau.svg",
    "id": "SAU",
    "internationalDialingCode": "966",
    "name": "Saudi Arabia",
  },
  {
    "cca2": "SB",
    "cca3": "SLB",
    "ccn3": "090",
    "cioc": "SOL",
    "code": "SB",
    "currencyCode": "SBD",
    "demonym": "Solomon Islander",
    "flag": "https://restcountries.eu/data/slb.svg",
    "id": "SLB",
    "internationalDialingCode": "677",
    "name": "Solomon Islands",
  },
  {
    "cca2": "SC",
    "cca3": "SYC",
    "ccn3": "690",
    "cioc": "SEY",
    "code": "SC",
    "currencyCode": "SCR",
    "demonym": "Seychellois",
    "flag": "https://restcountries.eu/data/syc.svg",
    "id": "SYC",
    "internationalDialingCode": "248",
    "name": "Seychelles",
  },
  {
    "cca2": "SD",
    "cca3": "SDN",
    "ccn3": "729",
    "cioc": "SUD",
    "code": "SD",
    "currencyCode": "SDG",
    "demonym": "Sudanese",
    "flag": "https://restcountries.eu/data/sdn.svg",
    "id": "SDN",
    "internationalDialingCode": "249",
    "name": "Sudan",
  },
  {
    "cca2": "SE",
    "cca3": "SWE",
    "ccn3": "752",
    "cioc": "SWE",
    "code": "SE",
    "currencyCode": "SEK",
    "demonym": "Swedish",
    "flag": "https://restcountries.eu/data/swe.svg",
    "id": "SWE",
    "internationalDialingCode": "46",
    "name": "Sweden",
  },
  {
    "cca2": "SG",
    "cca3": "SGP",
    "ccn3": "702",
    "cioc": "SIN",
    "code": "SG",
    "currencyCode": "SGD",
    "demonym": "Singaporean",
    "flag": "https://restcountries.eu/data/sgp.svg",
    "id": "SGP",
    "internationalDialingCode": "65",
    "name": "Singapore",
  },
  {
    "cca2": "SH",
    "cca3": "SHN",
    "ccn3": "654",
    "cioc": "SHN",
    "code": "SH",
    "currencyCode": "SHP",
    "demonym": "Saint Helenian",
    "flag": "https://restcountries.eu/data/shn.svg",
    "id": "SHN",
    "internationalDialingCode": "290",
    "name": "Saint Helena, Ascension and Tristan da Cunha",
  },
  {
    "cca2": "SI",
    "cca3": "SVN",
    "ccn3": "705",
    "cioc": "SLO",
    "code": "SI",
    "currencyCode": "EUR",
    "demonym": "Slovene",
    "flag": "https://restcountries.eu/data/svn.svg",
    "id": "SVN",
    "internationalDialingCode": "386",
    "name": "Slovenia",
  },
  {
    "cca2": "SJ",
    "cca3": "SJM",
    "ccn3": "744",
    "cioc": "SJM",
    "code": "SJ",
    "currencyCode": "NOK",
    "demonym": "Norwegian",
    "flag": "https://restcountries.eu/data/sjm.svg",
    "id": "SJM",
    "internationalDialingCode": "47",
    "name": "Svalbard and Jan Mayen",
  },
  {
    "cca2": "SK",
    "cca3": "SVK",
    "ccn3": "703",
    "cioc": "SVK",
    "code": "SK",
    "currencyCode": "EUR",
    "demonym": "Slovak",
    "flag": "https://restcountries.eu/data/svk.svg",
    "id": "SVK",
    "internationalDialingCode": "421",
    "name": "Slovakia",
  },
  {
    "cca2": "SL",
    "cca3": "SLE",
    "ccn3": "694",
    "cioc": "SLE",
    "code": "SL",
    "currencyCode": "SLL",
    "demonym": "Sierra Leonean",
    "flag": "https://restcountries.eu/data/sle.svg",
    "id": "SLE",
    "internationalDialingCode": "232",
    "name": "Sierra Leone",
  },
  {
    "cca2": "SM",
    "cca3": "SMR",
    "ccn3": "674",
    "cioc": "SMR",
    "code": "SM",
    "currencyCode": "EUR",
    "demonym": "Sammarinese",
    "flag": "https://restcountries.eu/data/smr.svg",
    "id": "SMR",
    "internationalDialingCode": "378",
    "name": "San Marino",
  },
  {
    "cca2": "SN",
    "cca3": "SEN",
    "ccn3": "686",
    "cioc": "SEN",
    "code": "SN",
    "currencyCode": "XOF",
    "demonym": "Senegalese",
    "flag": "https://restcountries.eu/data/sen.svg",
    "id": "SEN",
    "internationalDialingCode": "221",
    "name": "Senegal",
  },
  {
    "cca2": "SO",
    "cca3": "SOM",
    "ccn3": "706",
    "cioc": "SOM",
    "code": "SO",
    "currencyCode": "SOS",
    "demonym": "Somali",
    "flag": "https://restcountries.eu/data/som.svg",
    "id": "SOM",
    "internationalDialingCode": "252",
    "name": "Somalia",
  },
  {
    "cca2": "SR",
    "cca3": "SUR",
    "ccn3": "740",
    "cioc": "SUR",
    "code": "SR",
    "currencyCode": "SRD",
    "demonym": "Surinamer",
    "flag": "https://restcountries.eu/data/sur.svg",
    "id": "SUR",
    "internationalDialingCode": "597",
    "name": "Suriname",
  },
  {
    "cca2": "SS",
    "cca3": "SSD",
    "ccn3": "728",
    "cioc": "SSD",
    "code": "SS",
    "currencyCode": "SSP",
    "demonym": "South Sudanese",
    "flag": "https://restcountries.eu/data/ssd.svg",
    "id": "SSD",
    "internationalDialingCode": "211",
    "name": "South Sudan",
  },
  {
    "cca2": "ST",
    "cca3": "STP",
    "ccn3": "678",
    "cioc": "STP",
    "code": "ST",
    "currencyCode": "STD",
    "demonym": "Sao Tomean",
    "flag": "https://restcountries.eu/data/stp.svg",
    "id": "STP",
    "internationalDialingCode": "239",
    "name": "Sao Tome and Principe",
  },
  {
    "cca2": "SV",
    "cca3": "SLV",
    "ccn3": "222",
    "cioc": "ESA",
    "code": "SV",
    "currencyCode": "USD",
    "demonym": "Salvadoran",
    "flag": "https://restcountries.eu/data/slv.svg",
    "id": "SLV",
    "internationalDialingCode": "503",
    "name": "El Salvador",
  },
  {
    "cca2": "SX",
    "cca3": "SXM",
    "ccn3": "534",
    "cioc": "SXM",
    "code": "SX",
    "currencyCode": "ANG",
    "demonym": "Dutch",
    "flag": "https://restcountries.eu/data/sxm.svg",
    "id": "SXM",
    "internationalDialingCode": "721",
    "name": "Sint Maarten (Dutch part)",
  },
  {
    "cca2": "SY",
    "cca3": "SYR",
    "ccn3": "760",
    "cioc": "SYR",
    "code": "SY",
    "currencyCode": "SYP",
    "demonym": "Syrian",
    "flag": "https://restcountries.eu/data/syr.svg",
    "id": "SYR",
    "internationalDialingCode": "963",
    "name": "Syrian Arab Republic",
  },
  {
    "cca2": "SZ",
    "cca3": "SWZ",
    "ccn3": "748",
    "cioc": "SWZ",
    "code": "SZ",
    "currencyCode": "SZL",
    "demonym": "Swazi",
    "flag": "https://restcountries.eu/data/swz.svg",
    "id": "SWZ",
    "internationalDialingCode": "268",
    "name": "Swaziland",
  },
  {
    "cca2": "TC",
    "cca3": "TCA",
    "ccn3": "796",
    "cioc": "TCA",
    "code": "TC",
    "currencyCode": "USD",
    "demonym": "Turks and Caicos",
    "flag": "https://restcountries.eu/data/tca.svg",
    "id": "TCA",
    "internationalDialingCode": "649",
    "name": "Turks and Caicos Islands",
  },
  {
    "cca2": "TD",
    "cca3": "TCD",
    "ccn3": "148",
    "cioc": "CHA",
    "code": "TD",
    "currencyCode": "XAF",
    "demonym": "Chadian",
    "flag": "https://restcountries.eu/data/tcd.svg",
    "id": "TCD",
    "internationalDialingCode": "235",
    "name": "Chad",
  },
  {
    "cca2": "TG",
    "cca3": "TGO",
    "ccn3": "768",
    "cioc": "TOG",
    "code": "TG",
    "currencyCode": "XOF",
    "demonym": "Togolese",
    "flag": "https://restcountries.eu/data/tgo.svg",
    "id": "TGO",
    "internationalDialingCode": "228",
    "name": "Togo",
  },
  {
    "cca2": "TH",
    "cca3": "THA",
    "ccn3": "764",
    "cioc": "THA",
    "code": "TH",
    "currencyCode": "THB",
    "demonym": "Thai",
    "flag": "https://restcountries.eu/data/tha.svg",
    "id": "THA",
    "internationalDialingCode": "66",
    "name": "Thailand",
  },
  {
    "cca2": "TJ",
    "cca3": "TJK",
    "ccn3": "762",
    "cioc": "TJK",
    "code": "TJ",
    "currencyCode": "TJS",
    "demonym": "Tadzhik",
    "flag": "https://restcountries.eu/data/tjk.svg",
    "id": "TJK",
    "internationalDialingCode": "992",
    "name": "Tajikistan",
  },
  {
    "cca2": "TK",
    "cca3": "TKL",
    "ccn3": "772",
    "cioc": "TKL",
    "code": "TK",
    "currencyCode": "NZD",
    "demonym": "Tokelauan",
    "flag": "https://restcountries.eu/data/tkl.svg",
    "id": "TKL",
    "internationalDialingCode": "690",
    "name": "Tokelau",
  },
  {
    "cca2": "TL",
    "cca3": "TLS",
    "ccn3": "626",
    "cioc": "TLS",
    "code": "TL",
    "currencyCode": "USD",
    "demonym": "East Timorese",
    "flag": "https://restcountries.eu/data/tls.svg",
    "id": "TLS",
    "internationalDialingCode": "670",
    "name": "Timor-Leste",
  },
  {
    "cca2": "TM",
    "cca3": "TKM",
    "ccn3": "795",
    "cioc": "TKM",
    "code": "TM",
    "currencyCode": "TMT",
    "demonym": "Turkmen",
    "flag": "https://restcountries.eu/data/tkm.svg",
    "id": "TKM",
    "internationalDialingCode": "993",
    "name": "Turkmenistan",
  },
  {
    "cca2": "TN",
    "cca3": "TUN",
    "ccn3": "788",
    "cioc": "TUN",
    "code": "TN",
    "currencyCode": "TND",
    "demonym": "Tunisian",
    "flag": "https://restcountries.eu/data/tun.svg",
    "id": "TUN",
    "internationalDialingCode": "216",
    "name": "Tunisia",
  },
  {
    "cca2": "TO",
    "cca3": "TON",
    "ccn3": "776",
    "cioc": "TGA",
    "code": "TO",
    "currencyCode": "TOP",
    "demonym": "Tongan",
    "flag": "https://restcountries.eu/data/ton.svg",
    "id": "TON",
    "internationalDialingCode": "676",
    "name": "Tonga",
  },
  {
    "cca2": "TR",
    "cca3": "TUR",
    "ccn3": "792",
    "cioc": "TUR",
    "code": "TR",
    "currencyCode": "TRY",
    "demonym": "Turkish",
    "flag": "https://restcountries.eu/data/tur.svg",
    "id": "TUR",
    "internationalDialingCode": "90",
    "name": "Turkey",
  },
  {
    "cca2": "TT",
    "cca3": "TTO",
    "ccn3": "780",
    "cioc": "TTO",
    "code": "TT",
    "currencyCode": "TTD",
    "demonym": "Trinidadian",
    "flag": "https://restcountries.eu/data/tto.svg",
    "id": "TTO",
    "internationalDialingCode": "868",
    "name": "Trinidad and Tobago",
  },
  {
    "cca2": "TV",
    "cca3": "TUV",
    "ccn3": "798",
    "cioc": "TUV",
    "code": "TV",
    "currencyCode": "AUD",
    "demonym": "Tuvaluan",
    "flag": "https://restcountries.eu/data/tuv.svg",
    "id": "TUV",
    "internationalDialingCode": "688",
    "name": "Tuvalu",
  },
  {
    "cca2": "TW",
    "cca3": "TWN",
    "ccn3": "158",
    "cioc": "TPE",
    "code": "TW",
    "currencyCode": "TWD",
    "demonym": "Taiwanese",
    "flag": "https://restcountries.eu/data/twn.svg",
    "id": "TWN",
    "internationalDialingCode": "886",
    "name": "Taiwan",
  },
  {
    "cca2": "TZ",
    "cca3": "TZA",
    "ccn3": "834",
    "cioc": "TAN",
    "code": "TZ",
    "currencyCode": "TZS",
    "demonym": "Tanzanian",
    "flag": "https://restcountries.eu/data/tza.svg",
    "id": "TZA",
    "internationalDialingCode": "255",
    "name": "Tanzania, United Republic of",
  },
  {
    "cca2": "UA",
    "cca3": "UKR",
    "ccn3": "804",
    "cioc": "UKR",
    "code": "UA",
    "currencyCode": "UAH",
    "demonym": "Ukrainian",
    "flag": "https://restcountries.eu/data/ukr.svg",
    "id": "UKR",
    "internationalDialingCode": "380",
    "name": "Ukraine",
  },
  {
    "cca2": "UG",
    "cca3": "UGA",
    "ccn3": "800",
    "cioc": "UGA",
    "code": "UG",
    "currencyCode": "UGX",
    "demonym": "Ugandan",
    "flag": "https://restcountries.eu/data/uga.svg",
    "id": "UGA",
    "internationalDialingCode": "256",
    "name": "Uganda",
  },
  {
    "cca2": "US",
    "cca3": "USA",
    "ccn3": "840",
    "cioc": "USA",
    "code": "US",
    "currencyCode": "USD",
    "demonym": "American",
    "flag": "https://restcountries.eu/data/usa.svg",
    "id": "USA",
    "internationalDialingCode": "1",
    "name": "United States of America",
  },
  {
    "cca2": "UY",
    "cca3": "URY",
    "ccn3": "858",
    "cioc": "URU",
    "code": "UY",
    "currencyCode": "UYU",
    "demonym": "Uruguayan",
    "flag": "https://restcountries.eu/data/ury.svg",
    "id": "URY",
    "internationalDialingCode": "598",
    "name": "Uruguay",
  },
  {
    "cca2": "UZ",
    "cca3": "UZB",
    "ccn3": "860",
    "cioc": "UZB",
    "code": "UZ",
    "currencyCode": "UZS",
    "demonym": "Uzbekistani",
    "flag": "https://restcountries.eu/data/uzb.svg",
    "id": "UZB",
    "internationalDialingCode": "998",
    "name": "Uzbekistan",
  },
  {
    "cca2": "VA",
    "cca3": "VAT",
    "ccn3": "336",
    "cioc": "VAT",
    "code": "VA",
    "currencyCode": "EUR",
    "demonym": "Holy See",
    "flag": "https://restcountries.eu/data/vat.svg",
    "id": "VAT",
    "internationalDialingCode": "379",
    "name": "Holy See",
  },
  {
    "cca2": "VC",
    "cca3": "VCT",
    "ccn3": "670",
    "cioc": "VIN",
    "code": "VC",
    "currencyCode": "XCD",
    "demonym": "Saint Vincentian",
    "flag": "https://restcountries.eu/data/vct.svg",
    "id": "VCT",
    "internationalDialingCode": "784",
    "name": "Saint Vincent and the Grenadines",
  },
  {
    "cca2": "VE",
    "cca3": "VEN",
    "ccn3": "862",
    "cioc": "VEN",
    "code": "VE",
    "currencyCode": "VEF",
    "demonym": "Venezuelan",
    "flag": "https://restcountries.eu/data/ven.svg",
    "id": "VEN",
    "internationalDialingCode": "58",
    "name": "Venezuela",
  },
  {
    "cca2": "VG",
    "cca3": "VGB",
    "ccn3": "092",
    "cioc": "IVB",
    "code": "VG",
    "currencyCode": "EUR",
    "demonym": "Virgin Islander",
    "flag": "https://restcountries.eu/data/vgb.svg",
    "id": "VGB",
    "internationalDialingCode": "284",
    "name": "Virgin Islands (British)",
  },
  {
    "cca2": "VI",
    "cca3": "VIR",
    "ccn3": "850",
    "cioc": "ISV",
    "code": "VI",
    "currencyCode": "USD",
    "demonym": "Virgin Islander",
    "flag": "https://restcountries.eu/data/vir.svg",
    "id": "VIR",
    "internationalDialingCode": "340",
    "name": "Virgin Islands (U.S.)",
  },
  {
    "cca2": "VN",
    "cca3": "VNM",
    "ccn3": "704",
    "cioc": "VIE",
    "code": "VN",
    "currencyCode": "VND",
    "demonym": "Vietnamese",
    "flag": "https://restcountries.eu/data/vnm.svg",
    "id": "VNM",
    "internationalDialingCode": "84",
    "name": "Viet Nam",
  },
  {
    "cca2": "VU",
    "cca3": "VUT",
    "ccn3": "548",
    "cioc": "VAN",
    "code": "VU",
    "currencyCode": "VUV",
    "demonym": "Ni-Vanuatu",
    "flag": "https://restcountries.eu/data/vut.svg",
    "id": "VUT",
    "internationalDialingCode": "678",
    "name": "Vanuatu",
  },
  {
    "cca2": "WF",
    "cca3": "WLF",
    "ccn3": "876",
    "cioc": "WLF",
    "code": "WF",
    "currencyCode": "XPF",
    "demonym": "Wallis and Futuna",
    "flag": "https://restcountries.eu/data/wlf.svg",
    "id": "WLF",
    "internationalDialingCode": "681",
    "name": "Wallis and Futuna",
  },
  {
    "cca2": "WS",
    "cca3": "WSM",
    "ccn3": "882",
    "cioc": "SAM",
    "code": "WS",
    "currencyCode": "WST",
    "demonym": "Samoan",
    "flag": "https://restcountries.eu/data/wsm.svg",
    "id": "WSM",
    "internationalDialingCode": "685",
    "name": "Samoa",
  },
  {
    "cca2": "YE",
    "cca3": "YEM",
    "ccn3": "887",
    "cioc": "YEM",
    "code": "YE",
    "currencyCode": "YER",
    "demonym": "Yemeni",
    "flag": "https://restcountries.eu/data/yem.svg",
    "id": "YEM",
    "internationalDialingCode": "967",
    "name": "Yemen",
  },
  {
    "cca2": "YT",
    "cca3": "MYT",
    "ccn3": "175",
    "cioc": "MYT",
    "code": "YT",
    "currencyCode": "EUR",
    "demonym": "French",
    "flag": "https://restcountries.eu/data/myt.svg",
    "id": "MYT",
    "internationalDialingCode": "262",
    "name": "Mayotte",
  },
  {
    "cca2": "ZA",
    "cca3": "ZAF",
    "ccn3": "710",
    "cioc": "RSA",
    "code": "ZA",
    "currencyCode": "ZAR",
    "demonym": "South Africa",
    "flag": "https://restcountries.eu/data/zaf.svg",
    "id": "ZAF",
    "internationalDialingCode": "27",
    "name": "South Africa",
  },
  {
    "cca2": "ZM",
    "cca3": "ZMB",
    "ccn3": "894",
    "cioc": "ZAM",
    "code": "ZM",
    "currencyCode": "ZMW",
    "demonym": "Zambian",
    "flag": "https://restcountries.eu/data/zmb.svg",
    "id": "ZMB",
    "internationalDialingCode": "260",
    "name": "Zambia",
  },
  {
    "cca2": "ZW",
    "cca3": "ZWE",
    "ccn3": "716",
    "cioc": "ZIM",
    "code": "ZW",
    "currencyCode": "BWP",
    "demonym": "Zimbabwean",
    "flag": "https://restcountries.eu/data/zwe.svg",
    "id": "ZWE",
    "internationalDialingCode": "263",
    "name": "Zimbabwe",
  },
]
`;
